157.13.123.143 - - [25/Nov/2020:06:33:25 -0800] "GET /departments HTTP/1.1" 404 2110 "-" "Mozilla/5.0 (X11; Ubuntu; Linux x86_64; rv:30.0) Gecko/20100101 Firefox/30.0"
135.127.202.209 - - [25/Nov/2020:06:33:26 -0800] "GET /department/golf/categories HTTP/1.1" 200 1886 "-" "Mozilla/5.0 (Windows NT 6.1; WOW64; rv:30.0) Gecko/20100101 Firefox/30.0"
110.234.16.164 - - [25/Nov/2020:06:33:27 -0800] "GET /departments HTTP/1.1" 200 329 "-" "Mozilla/5.0 (Macintosh; Intel Mac OS X 10_9_3) AppleWebKit/537.36 (KHTML, like Gecko) Chrome/35.0.1916.153 Safari/537.36"
13.175.192.104 - - [25/Nov/2020:06:33:28 -0800] "GET /checkout HTTP/1.1" 200 1899 "-" "Mozilla/5.0 (Windows NT 6.1; WOW64; rv:30.0) Gecko/20100101 Firefox/30.0"
101.51.155.196 - - [25/Nov/2020:06:33:29 -0800] "GET /department/footwear/products HTTP/1.1" 200 470 "-" "Mozilla/5.0 (Macintosh; Intel Mac OS X 10_9_4) AppleWebKit/537.36 (KHTML, like Gecko) Chrome/36.0.1985.125 Safari/537.36"
82.117.211.94 - - [25/Nov/2020:06:33:30 -0800] "GET /departments HTTP/1.1" 200 217 "-" "Mozilla/5.0 (Windows NT 6.1; WOW64) AppleWebKit/537.36 (KHTML, like Gecko) Chrome/35.0.1916.153 Safari/537.36"
50.140.53.123 - - [25/Nov/2020:06:33:31 -0800] "GET /departments HTTP/1.1" 200 769 "-" "Mozilla/5.0 (Windows NT 6.1; WOW64; rv:30.0) Gecko/20100101 Firefox/30.0"
114.105.6.45 - - [25/Nov/2020:06:33:51 -0800] "GET /product/1189 HTTP/1.1" 200 876 "-" "Mozilla/5.0 (Macintosh; Intel Mac OS X 10_9_4) AppleWebKit/537.77.4 (KHTML, like Gecko) Version/7.0.5 Safari/537.77.4"
34.199.170.7 - - [25/Nov/2020:06:33:21 -0800] "GET /product/459 HTTP/1.1" 200 1506 "-" "Mozilla/5.0 (Windows NT 6.3; WOW64) AppleWebKit/537.36 (KHTML, like Gecko) Chrome/35.0.1916.153 Safari/537.36"
92.113.147.37 - - [25/Nov/2020:06:33:22 -0800] "GET /add_to_cart/1188 HTTP/1.1" 200 263 "-" "Mozilla/5.0 (X11; Linux x86_64) AppleWebKit/537.36 (KHTML, like Gecko) Chrome/35.0.1916.153 Safari/537.36"
217.178.37.10 - - [25/Nov/2020:06:33:23 -0800] "GET /departments HTTP/1.1" 200 1870 "-" "Mozilla/5.0 (Windows NT 6.3; WOW64) AppleWebKit/537.36 (KHTML, like Gecko) Chrome/35.0.1916.153 Safari/537.36"
185.159.192.112 - - [25/Nov/2020:06:33:24 -0800] "GET /product/857 HTTP/1.1" 200 2186 "-" "Mozilla/5.0 (Macintosh; Intel Mac OS X 10_9_3) AppleWebKit/537.36 (KHTML, like Gecko) Chrome/35.0.1916.153 Safari/537.36"
157.13.123.143 - - [25/Nov/2020:06:33:25 -0800] "GET /departments HTTP/1.1" 404 2110 "-" "Mozilla/5.0 (X11; Ubuntu; Linux x86_64; rv:30.0) Gecko/20100101 Firefox/30.0"
135.127.202.209 - - [25/Nov/2020:06:33:26 -0800] "GET /department/golf/categories HTTP/1.1" 200 1886 "-" "Mozilla/5.0 (Windows NT 6.1; WOW64; rv:30.0) Gecko/20100101 Firefox/30.0"
110.234.16.164 - - [25/Nov/2020:06:33:27 -0800] "GET /departments HTTP/1.1" 200 329 "-" "Mozilla/5.0 (Macintosh; Intel Mac OS X 10_9_3) AppleWebKit/537.36 (KHTML, like Gecko) Chrome/35.0.1916.153 Safari/537.36"
13.175.192.104 - - [25/Nov/2020:06:33:28 -0800] "GET /checkout HTTP/1.1" 200 1899 "-" "Mozilla/5.0 (Windows NT 6.1; WOW64; rv:30.0) Gecko/20100101 Firefox/30.0"
101.51.155.196 - - [25/Nov/2020:06:33:29 -0800] "GET /department/footwear/products HTTP/1.1" 200 470 "-" "Mozilla/5.0 (Macintosh; Intel Mac OS X 10_9_4) AppleWebKit/537.36 (KHTML, like Gecko) Chrome/36.0.1985.125 Safari/537.36"
82.117.211.94 - - [25/Nov/2020:06:33:30 -0800] "GET /departments HTTP/1.1" 200 217 "-" "Mozilla/5.0 (Windows NT 6.1; WOW64) AppleWebKit/537.36 (KHTML, like Gecko) Chrome/35.0.1916.153 Safari/537.36"
50.140.53.123 - - [25/Nov/2020:06:33:31 -0800] "GET /departments HTTP/1.1" 200 769 "-" "Mozilla/5.0 (Windows NT 6.1; WOW64; rv:30.0) Gecko/20100101 Firefox/30.0"
65.223.110.64 - - [25/Nov/2020:06:33:32 -0800] "GET /department/fan%20shop/categories HTTP/1.1" 200 278 "-" "Mozilla/5.0 (Windows NT 6.3; WOW64; rv:30.0) Gecko/20100101 Firefox/30.0"
50.140.53.123 - - [25/Nov/2020:06:33:33 -0800] "GET /departments HTTP/1.1" 200 294 "-" "Mozilla/5.0 (Macintosh; Intel Mac OS X 10_9_3) AppleWebKit/537.36 (KHTML, like Gecko) Chrome/35.0.1916.153 Safari/537.36"
167.171.73.161 - - [25/Nov/2020:06:33:34 -0800] "GET /login HTTP/1.1" 200 1426 "-" "Mozilla/5.0 (Macintosh; Intel Mac OS X 10_9_4) AppleWebKit/537.36 (KHTML, like Gecko) Chrome/35.0.1916.153 Safari/537.36"
40.249.155.98 - - [25/Nov/2020:06:33:35 -0800] "GET /department/apparel/products HTTP/1.1" 200 719 "-" "Mozilla/5.0 (Windows NT 6.3; WOW64) AppleWebKit/537.36 (KHTML, like Gecko) Chrome/35.0.1916.153 Safari/537.36"
175.161.180.247 - - [25/Nov/2020:06:33:36 -0800] "GET /product/723 HTTP/1.1" 200 862 "-" "Mozilla/5.0 (Windows NT 6.1; WOW64) AppleWebKit/537.36 (KHTML, like Gecko) Chrome/35.0.1916.153 Safari/537.36"
61.118.87.240 - - [25/Nov/2020:06:33:37 -0800] "GET /categories/men%27s%20footwear/products HTTP/1.1" 200 2165 "-" "Mozilla/5.0 (Windows NT 6.1; WOW64; Trident/7.0; rv:11.0) like Gecko"
199.228.18.104 - - [25/Nov/2020:06:33:38 -0800] "GET /department/outdoors/products HTTP/1.1" 200 1236 "-" "Mozilla/5.0 (Macintosh; Intel Mac OS X 10_9_4) AppleWebKit/537.77.4 (KHTML, like Gecko) Version/7.0.5 Safari/537.77.4"
209.129.16.152 - - [25/Nov/2020:06:33:39 -0800] "GET /department/fitness/products HTTP/1.1" 200 1599 "-" "Mozilla/5.0 (Windows NT 6.1; WOW64) AppleWebKit/537.36 (KHTML, like Gecko) Chrome/35.0.1916.153 Safari/537.36"
78.110.228.130 - - [25/Nov/2020:06:33:40 -0800] "GET /product/802 HTTP/1.1" 200 397 "-" "Mozilla/5.0 (Windows NT 6.1; rv:30.0) Gecko/20100101 Firefox/30.0"
185.183.143.101 - - [25/Nov/2020:06:33:41 -0800] "GET /department/outdoors/products HTTP/1.1" 200 984 "-" "Mozilla/5.0 (Macintosh; Intel Mac OS X 10_9_4) AppleWebKit/537.77.4 (KHTML, like Gecko) Version/7.0.5 Safari/537.77.4"
161.6.171.30 - - [25/Nov/2020:06:33:42 -0800] "GET /departments HTTP/1.1" 404 1373 "-" "Mozilla/5.0 (Macintosh; Intel Mac OS X 10_9_3) AppleWebKit/537.76.4 (KHTML, like Gecko) Version/7.0.4 Safari/537.76.4"
32.102.248.187 - - [25/Nov/2020:06:33:43 -0800] "GET /departments HTTP/1.1" 200 399 "-" "Mozilla/5.0 (Windows NT 6.1; WOW64; Trident/7.0; rv:11.0) like Gecko"
11.63.135.92 - - [25/Nov/2020:06:33:44 -0800] "GET /department/outdoors/categories HTTP/1.1" 200 1206 "-" "Mozilla/5.0 (X11; Linux x86_64) AppleWebKit/537.36 (KHTML, like Gecko) Chrome/35.0.1916.153 Safari/537.36"
181.8.192.54 - - [25/Nov/2020:06:33:45 -0800] "GET /logout HTTP/1.1" 200 374 "-" "Mozilla/5.0 (Windows NT 6.3; WOW64) AppleWebKit/537.36 (KHTML, like Gecko) Chrome/35.0.1916.153 Safari/537.36"
65.223.110.64 - - [25/Nov/2020:06:33:46 -0800] "GET /departments HTTP/1.1" 200 560 "-" "Mozilla/5.0 (Windows NT 6.1; WOW64) AppleWebKit/537.36 (KHTML, like Gecko) Chrome/35.0.1916.153 Safari/537.36"
159.221.187.7 - - [25/Nov/2020:06:33:47 -0800] "GET /department/team%20sports/categories HTTP/1.1" 200 691 "-" "Mozilla/5.0 (Windows NT 6.3; WOW64; rv:30.0) Gecko/20100101 Firefox/30.0"
9.168.143.181 - - [25/Nov/2020:06:33:48 -0800] "GET /departments HTTP/1.1" 200 1261 "-" "Mozilla/5.0 (Macintosh; Intel Mac OS X 10_9_3) AppleWebKit/537.76.4 (KHTML, like Gecko) Version/7.0.4 Safari/537.76.4"
188.107.141.238 - - [25/Nov/2020:06:33:49 -0800] "GET /department/fan%20shop/products HTTP/1.1" 200 1358 "-" "Mozilla/5.0 (Macintosh; Intel Mac OS X 10.9; rv:30.0) Gecko/20100101 Firefox/30.0"
181.8.192.54 - - [25/Nov/2020:06:33:50 -0800] "GET /department/fan%20shop/products HTTP/1.1" 200 1056 "-" "Mozilla/5.0 (Windows NT 6.1; WOW64) AppleWebKit/537.36 (KHTML, like Gecko) Chrome/36.0.1985.125 Safari/537.36"
114.105.6.45 - - [25/Nov/2020:06:33:51 -0800] "GET /product/1189 HTTP/1.1" 200 876 "-" "Mozilla/5.0 (Macintosh; Intel Mac OS X 10_9_4) AppleWebKit/537.77.4 (KHTML, like Gecko) Version/7.0.5 Safari/537.77.4"
34.199.170.7 - - [25/Nov/2020:06:33:21 -0800] "GET /product/459 HTTP/1.1" 200 1506 "-" "Mozilla/5.0 (Windows NT 6.3; WOW64) AppleWebKit/537.36 (KHTML, like Gecko) Chrome/35.0.1916.153 Safari/537.36"
92.113.147.37 - - [25/Nov/2020:06:33:22 -0800] "GET /add_to_cart/1188 HTTP/1.1" 200 263 "-" "Mozilla/5.0 (X11; Linux x86_64) AppleWebKit/537.36 (KHTML, like Gecko) Chrome/35.0.1916.153 Safari/537.36"
217.178.37.10 - - [25/Nov/2020:06:33:23 -0800] "GET /departments HTTP/1.1" 200 1870 "-" "Mozilla/5.0 (Windows NT 6.3; WOW64) AppleWebKit/537.36 (KHTML, like Gecko) Chrome/35.0.1916.153 Safari/537.36"
185.159.192.112 - - [25/Nov/2020:06:33:24 -0800] "GET /product/857 HTTP/1.1" 200 2186 "-" "Mozilla/5.0 (Macintosh; Intel Mac OS X 10_9_3) AppleWebKit/537.36 (KHTML, like Gecko) Chrome/35.0.1916.153 Safari/537.36"
157.13.123.143 - - [25/Nov/2020:06:33:25 -0800] "GET /departments HTTP/1.1" 404 2110 "-" "Mozilla/5.0 (X11; Ubuntu; Linux x86_64; rv:30.0) Gecko/20100101 Firefox/30.0"
135.127.202.209 - - [25/Nov/2020:06:33:26 -0800] "GET /department/golf/categories HTTP/1.1" 200 1886 "-" "Mozilla/5.0 (Windows NT 6.1; WOW64; rv:30.0) Gecko/20100101 Firefox/30.0"
110.234.16.164 - - [25/Nov/2020:06:33:27 -0800] "GET /departments HTTP/1.1" 200 329 "-" "Mozilla/5.0 (Macintosh; Intel Mac OS X 10_9_3) AppleWebKit/537.36 (KHTML, like Gecko) Chrome/35.0.1916.153 Safari/537.36"
13.175.192.104 - - [25/Nov/2020:06:33:28 -0800] "GET /checkout HTTP/1.1" 200 1899 "-" "Mozilla/5.0 (Windows NT 6.1; WOW64; rv:30.0) Gecko/20100101 Firefox/30.0"
101.51.155.196 - - [25/Nov/2020:06:33:29 -0800] "GET /department/footwear/products HTTP/1.1" 200 470 "-" "Mozilla/5.0 (Macintosh; Intel Mac OS X 10_9_4) AppleWebKit/537.36 (KHTML, like Gecko) Chrome/36.0.1985.125 Safari/537.36"
82.117.211.94 - - [25/Nov/2020:06:33:30 -0800] "GET /departments HTTP/1.1" 200 217 "-" "Mozilla/5.0 (Windows NT 6.1; WOW64) AppleWebKit/537.36 (KHTML, like Gecko) Chrome/35.0.1916.153 Safari/537.36"
50.140.53.123 - - [25/Nov/2020:06:33:31 -0800] "GET /departments HTTP/1.1" 200 769 "-" "Mozilla/5.0 (Windows NT 6.1; WOW64; rv:30.0) Gecko/20100101 Firefox/30.0"
65.223.110.64 - - [25/Nov/2020:06:33:32 -0800] "GET /department/fan%20shop/categories HTTP/1.1" 200 278 "-" "Mozilla/5.0 (Windows NT 6.3; WOW64; rv:30.0) Gecko/20100101 Firefox/30.0"
50.140.53.123 - - [25/Nov/2020:06:33:33 -0800] "GET /departments HTTP/1.1" 200 294 "-" "Mozilla/5.0 (Macintosh; Intel Mac OS X 10_9_3) AppleWebKit/537.36 (KHTML, like Gecko) Chrome/35.0.1916.153 Safari/537.36"
167.171.73.161 - - [25/Nov/2020:06:33:34 -0800] "GET /login HTTP/1.1" 200 1426 "-" "Mozilla/5.0 (Macintosh; Intel Mac OS X 10_9_4) AppleWebKit/537.36 (KHTML, like Gecko) Chrome/35.0.1916.153 Safari/537.36"
40.249.155.98 - - [25/Nov/2020:06:33:35 -0800] "GET /department/apparel/products HTTP/1.1" 200 719 "-" "Mozilla/5.0 (Windows NT 6.3; WOW64) AppleWebKit/537.36 (KHTML, like Gecko) Chrome/35.0.1916.153 Safari/537.36"
175.161.180.247 - - [25/Nov/2020:06:33:36 -0800] "GET /product/723 HTTP/1.1" 200 862 "-" "Mozilla/5.0 (Windows NT 6.1; WOW64) AppleWebKit/537.36 (KHTML, like Gecko) Chrome/35.0.1916.153 Safari/537.36"
61.118.87.240 - - [25/Nov/2020:06:33:37 -0800] "GET /categories/men%27s%20footwear/products HTTP/1.1" 200 2165 "-" "Mozilla/5.0 (Windows NT 6.1; WOW64; Trident/7.0; rv:11.0) like Gecko"
199.228.18.104 - - [25/Nov/2020:06:33:38 -0800] "GET /department/outdoors/products HTTP/1.1" 200 1236 "-" "Mozilla/5.0 (Macintosh; Intel Mac OS X 10_9_4) AppleWebKit/537.77.4 (KHTML, like Gecko) Version/7.0.5 Safari/537.77.4"
209.129.16.152 - - [25/Nov/2020:06:33:39 -0800] "GET /department/fitness/products HTTP/1.1" 200 1599 "-" "Mozilla/5.0 (Windows NT 6.1; WOW64) AppleWebKit/537.36 (KHTML, like Gecko) Chrome/35.0.1916.153 Safari/537.36"
78.110.228.130 - - [25/Nov/2020:06:33:40 -0800] "GET /product/802 HTTP/1.1" 200 397 "-" "Mozilla/5.0 (Windows NT 6.1; rv:30.0) Gecko/20100101 Firefox/30.0"
185.183.143.101 - - [25/Nov/2020:06:33:41 -0800] "GET /department/outdoors/products HTTP/1.1" 200 984 "-" "Mozilla/5.0 (Macintosh; Intel Mac OS X 10_9_4) AppleWebKit/537.77.4 (KHTML, like Gecko) Version/7.0.5 Safari/537.77.4"
161.6.171.30 - - [25/Nov/2020:06:33:42 -0800] "GET /departments HTTP/1.1" 404 1373 "-" "Mozilla/5.0 (Macintosh; Intel Mac OS X 10_9_3) AppleWebKit/537.76.4 (KHTML, like Gecko) Version/7.0.4 Safari/537.76.4"
32.102.248.187 - - [25/Nov/2020:06:33:43 -0800] "GET /departments HTTP/1.1" 200 399 "-" "Mozilla/5.0 (Windows NT 6.1; WOW64; Trident/7.0; rv:11.0) like Gecko"
11.63.135.92 - - [25/Nov/2020:06:33:44 -0800] "GET /department/outdoors/categories HTTP/1.1" 200 1206 "-" "Mozilla/5.0 (X11; Linux x86_64) AppleWebKit/537.36 (KHTML, like Gecko) Chrome/35.0.1916.153 Safari/537.36"
181.8.192.54 - - [25/Nov/2020:06:33:45 -0800] "GET /logout HTTP/1.1" 200 374 "-" "Mozilla/5.0 (Windows NT 6.3; WOW64) AppleWebKit/537.36 (KHTML, like Gecko) Chrome/35.0.1916.153 Safari/537.36"
65.223.110.64 - - [25/Nov/2020:06:33:46 -0800] "GET /departments HTTP/1.1" 200 560 "-" "Mozilla/5.0 (Windows NT 6.1; WOW64) AppleWebKit/537.36 (KHTML, like Gecko) Chrome/35.0.1916.153 Safari/537.36"
159.221.187.7 - - [25/Nov/2020:06:33:47 -0800] "GET /department/team%20sports/categories HTTP/1.1" 200 691 "-" "Mozilla/5.0 (Windows NT 6.3; WOW64; rv:30.0) Gecko/20100101 Firefox/30.0"
9.168.143.181 - - [25/Nov/2020:06:33:48 -0800] "GET /departments HTTP/1.1" 200 1261 "-" "Mozilla/5.0 (Macintosh; Intel Mac OS X 10_9_3) AppleWebKit/537.76.4 (KHTML, like Gecko) Version/7.0.4 Safari/537.76.4"
188.107.141.238 - - [25/Nov/2020:06:33:49 -0800] "GET /department/fan%20shop/products HTTP/1.1" 200 1358 "-" "Mozilla/5.0 (Macintosh; Intel Mac OS X 10.9; rv:30.0) Gecko/20100101 Firefox/30.0"
181.8.192.54 - - [25/Nov/2020:06:33:50 -0800] "GET /department/fan%20shop/products HTTP/1.1" 200 1056 "-" "Mozilla/5.0 (Windows NT 6.1; WOW64) AppleWebKit/537.36 (KHTML, like Gecko) Chrome/36.0.1985.125 Safari/537.36"
114.105.6.45 - - [25/Nov/2020:06:33:51 -0800] "GET /product/1189 HTTP/1.1" 200 876 "-" "Mozilla/5.0 (Macintosh; Intel Mac OS X 10_9_4) AppleWebKit/537.77.4 (KHTML, like Gecko) Version/7.0.5 Safari/537.77.4"
34.199.170.7 - - [25/Nov/2020:06:33:21 -0800] "GET /product/459 HTTP/1.1" 200 1506 "-" "Mozilla/5.0 (Windows NT 6.3; WOW64) AppleWebKit/537.36 (KHTML, like Gecko) Chrome/35.0.1916.153 Safari/537.36"
92.113.147.37 - - [25/Nov/2020:06:33:22 -0800] "GET /add_to_cart/1188 HTTP/1.1" 200 263 "-" "Mozilla/5.0 (X11; Linux x86_64) AppleWebKit/537.36 (KHTML, like Gecko) Chrome/35.0.1916.153 Safari/537.36"
217.178.37.10 - - [25/Nov/2020:06:33:23 -0800] "GET /departments HTTP/1.1" 200 1870 "-" "Mozilla/5.0 (Windows NT 6.3; WOW64) AppleWebKit/537.36 (KHTML, like Gecko) Chrome/35.0.1916.153 Safari/537.36"
185.159.192.112 - - [25/Nov/2020:06:33:24 -0800] "GET /product/857 HTTP/1.1" 200 2186 "-" "Mozilla/5.0 (Macintosh; Intel Mac OS X 10_9_3) AppleWebKit/537.36 (KHTML, like Gecko) Chrome/35.0.1916.153 Safari/537.36"
157.13.123.143 - - [25/Nov/2020:06:33:25 -0800] "GET /departments HTTP/1.1" 404 2110 "-" "Mozilla/5.0 (X11; Ubuntu; Linux x86_64; rv:30.0) Gecko/20100101 Firefox/30.0"
135.127.202.209 - - [25/Nov/2020:06:33:26 -0800] "GET /department/golf/categories HTTP/1.1" 200 1886 "-" "Mozilla/5.0 (Windows NT 6.1; WOW64; rv:30.0) Gecko/20100101 Firefox/30.0"
110.234.16.164 - - [25/Nov/2020:06:33:27 -0800] "GET /departments HTTP/1.1" 200 329 "-" "Mozilla/5.0 (Macintosh; Intel Mac OS X 10_9_3) AppleWebKit/537.36 (KHTML, like Gecko) Chrome/35.0.1916.153 Safari/537.36"
13.175.192.104 - - [25/Nov/2020:06:33:28 -0800] "GET /checkout HTTP/1.1" 200 1899 "-" "Mozilla/5.0 (Windows NT 6.1; WOW64; rv:30.0) Gecko/20100101 Firefox/30.0"
101.51.155.196 - - [25/Nov/2020:06:33:29 -0800] "GET /department/footwear/products HTTP/1.1" 200 470 "-" "Mozilla/5.0 (Macintosh; Intel Mac OS X 10_9_4) AppleWebKit/537.36 (KHTML, like Gecko) Chrome/36.0.1985.125 Safari/537.36"
82.117.211.94 - - [25/Nov/2020:06:33:30 -0800] "GET /departments HTTP/1.1" 200 217 "-" "Mozilla/5.0 (Windows NT 6.1; WOW64) AppleWebKit/537.36 (KHTML, like Gecko) Chrome/35.0.1916.153 Safari/537.36"
50.140.53.123 - - [25/Nov/2020:06:33:31 -0800] "GET /departments HTTP/1.1" 200 769 "-" "Mozilla/5.0 (Windows NT 6.1; WOW64; rv:30.0) Gecko/20100101 Firefox/30.0"
65.223.110.64 - - [25/Nov/2020:06:33:32 -0800] "GET /department/fan%20shop/categories HTTP/1.1" 200 278 "-" "Mozilla/5.0 (Windows NT 6.3; WOW64; rv:30.0) Gecko/20100101 Firefox/30.0"
50.140.53.123 - - [25/Nov/2020:06:33:33 -0800] "GET /departments HTTP/1.1" 200 294 "-" "Mozilla/5.0 (Macintosh; Intel Mac OS X 10_9_3) AppleWebKit/537.36 (KHTML, like Gecko) Chrome/35.0.1916.153 Safari/537.36"
167.171.73.161 - - [25/Nov/2020:06:33:34 -0800] "GET /login HTTP/1.1" 200 1426 "-" "Mozilla/5.0 (Macintosh; Intel Mac OS X 10_9_4) AppleWebKit/537.36 (KHTML, like Gecko) Chrome/35.0.1916.153 Safari/537.36"
40.249.155.98 - - [25/Nov/2020:06:33:35 -0800] "GET /department/apparel/products HTTP/1.1" 200 719 "-" "Mozilla/5.0 (Windows NT 6.3; WOW64) AppleWebKit/537.36 (KHTML, like Gecko) Chrome/35.0.1916.153 Safari/537.36"
175.161.180.247 - - [25/Nov/2020:06:33:36 -0800] "GET /product/723 HTTP/1.1" 200 862 "-" "Mozilla/5.0 (Windows NT 6.1; WOW64) AppleWebKit/537.36 (KHTML, like Gecko) Chrome/35.0.1916.153 Safari/537.36"
61.118.87.240 - - [25/Nov/2020:06:33:37 -0800] "GET /categories/men%27s%20footwear/products HTTP/1.1" 200 2165 "-" "Mozilla/5.0 (Windows NT 6.1; WOW64; Trident/7.0; rv:11.0) like Gecko"
199.228.18.104 - - [25/Nov/2020:06:33:38 -0800] "GET /department/outdoors/products HTTP/1.1" 200 1236 "-" "Mozilla/5.0 (Macintosh; Intel Mac OS X 10_9_4) AppleWebKit/537.77.4 (KHTML, like Gecko) Version/7.0.5 Safari/537.77.4"
209.129.16.152 - - [25/Nov/2020:06:33:39 -0800] "GET /department/fitness/products HTTP/1.1" 200 1599 "-" "Mozilla/5.0 (Windows NT 6.1; WOW64) AppleWebKit/537.36 (KHTML, like Gecko) Chrome/35.0.1916.153 Safari/537.36"
78.110.228.130 - - [25/Nov/2020:06:33:40 -0800] "GET /product/802 HTTP/1.1" 200 397 "-" "Mozilla/5.0 (Windows NT 6.1; rv:30.0) Gecko/20100101 Firefox/30.0"
185.183.143.101 - - [25/Nov/2020:06:33:41 -0800] "GET /department/outdoors/products HTTP/1.1" 200 984 "-" "Mozilla/5.0 (Macintosh; Intel Mac OS X 10_9_4) AppleWebKit/537.77.4 (KHTML, like Gecko) Version/7.0.5 Safari/537.77.4"
161.6.171.30 - - [25/Nov/2020:06:33:42 -0800] "GET /departments HTTP/1.1" 404 1373 "-" "Mozilla/5.0 (Macintosh; Intel Mac OS X 10_9_3) AppleWebKit/537.76.4 (KHTML, like Gecko) Version/7.0.4 Safari/537.76.4"
32.102.248.187 - - [25/Nov/2020:06:33:43 -0800] "GET /departments HTTP/1.1" 200 399 "-" "Mozilla/5.0 (Windows NT 6.1; WOW64; Trident/7.0; rv:11.0) like Gecko"
11.63.135.92 - - [25/Nov/2020:06:33:44 -0800] "GET /department/outdoors/categories HTTP/1.1" 200 1206 "-" "Mozilla/5.0 (X11; Linux x86_64) AppleWebKit/537.36 (KHTML, like Gecko) Chrome/35.0.1916.153 Safari/537.36"
181.8.192.54 - - [25/Nov/2020:06:33:45 -0800] "GET /logout HTTP/1.1" 200 374 "-" "Mozilla/5.0 (Windows NT 6.3; WOW64) AppleWebKit/537.36 (KHTML, like Gecko) Chrome/35.0.1916.153 Safari/537.36"
65.223.110.64 - - [25/Nov/2020:06:33:46 -0800] "GET /departments HTTP/1.1" 200 560 "-" "Mozilla/5.0 (Windows NT 6.1; WOW64) AppleWebKit/537.36 (KHTML, like Gecko) Chrome/35.0.1916.153 Safari/537.36"
159.221.187.7 - - [25/Nov/2020:06:33:47 -0800] "GET /department/team%20sports/categories HTTP/1.1" 200 691 "-" "Mozilla/5.0 (Windows NT 6.3; WOW64; rv:30.0) Gecko/20100101 Firefox/30.0"
9.168.143.181 - - [25/Nov/2020:06:33:48 -0800] "GET /departments HTTP/1.1" 200 1261 "-" "Mozilla/5.0 (Macintosh; Intel Mac OS X 10_9_3) AppleWebKit/537.76.4 (KHTML, like Gecko) Version/7.0.4 Safari/537.76.4"
188.107.141.238 - - [25/Nov/2020:06:33:49 -0800] "GET /department/fan%20shop/products HTTP/1.1" 200 1358 "-" "Mozilla/5.0 (Macintosh; Intel Mac OS X 10.9; rv:30.0) Gecko/20100101 Firefox/30.0"
181.8.192.54 - - [25/Nov/2020:06:33:50 -0800] "GET /department/fan%20shop/products HTTP/1.1" 200 1056 "-" "Mozilla/5.0 (Windows NT 6.1; WOW64) AppleWebKit/537.36 (KHTML, like Gecko) Chrome/36.0.1985.125 Safari/537.36"
114.105.6.45 - - [25/Nov/2020:06:33:51 -0800] "GET /product/1189 HTTP/1.1" 200 876 "-" "Mozilla/5.0 (Macintosh; Intel Mac OS X 10_9_4) AppleWebKit/537.77.4 (KHTML, like Gecko) Version/7.0.5 Safari/537.77.4"
34.199.170.7 - - [25/Nov/2020:06:33:21 -0800] "GET /product/459 HTTP/1.1" 200 1506 "-" "Mozilla/5.0 (Windows NT 6.3; WOW64) AppleWebKit/537.36 (KHTML, like Gecko) Chrome/35.0.1916.153 Safari/537.36"
92.113.147.37 - - [25/Nov/2020:06:33:22 -0800] "GET /add_to_cart/1188 HTTP/1.1" 200 263 "-" "Mozilla/5.0 (X11; Linux x86_64) AppleWebKit/537.36 (KHTML, like Gecko) Chrome/35.0.1916.153 Safari/537.36"
217.178.37.10 - - [25/Nov/2020:06:33:23 -0800] "GET /departments HTTP/1.1" 200 1870 "-" "Mozilla/5.0 (Windows NT 6.3; WOW64) AppleWebKit/537.36 (KHTML, like Gecko) Chrome/35.0.1916.153 Safari/537.36"
185.159.192.112 - - [25/Nov/2020:06:33:24 -0800] "GET /product/857 HTTP/1.1" 200 2186 "-" "Mozilla/5.0 (Macintosh; Intel Mac OS X 10_9_3) AppleWebKit/537.36 (KHTML, like Gecko) Chrome/35.0.1916.153 Safari/537.36"
157.13.123.143 - - [25/Nov/2020:06:33:25 -0800] "GET /departments HTTP/1.1" 404 2110 "-" "Mozilla/5.0 (X11; Ubuntu; Linux x86_64; rv:30.0) Gecko/20100101 Firefox/30.0"
135.127.202.209 - - [25/Nov/2020:06:33:26 -0800] "GET /department/golf/categories HTTP/1.1" 200 1886 "-" "Mozilla/5.0 (Windows NT 6.1; WOW64; rv:30.0) Gecko/20100101 Firefox/30.0"
110.234.16.164 - - [25/Nov/2020:06:33:27 -0800] "GET /departments HTTP/1.1" 200 329 "-" "Mozilla/5.0 (Macintosh; Intel Mac OS X 10_9_3) AppleWebKit/537.36 (KHTML, like Gecko) Chrome/35.0.1916.153 Safari/537.36"
13.175.192.104 - - [25/Nov/2020:06:33:28 -0800] "GET /checkout HTTP/1.1" 200 1899 "-" "Mozilla/5.0 (Windows NT 6.1; WOW64; rv:30.0) Gecko/20100101 Firefox/30.0"
101.51.155.196 - - [25/Nov/2020:06:33:29 -0800] "GET /department/footwear/products HTTP/1.1" 200 470 "-" "Mozilla/5.0 (Macintosh; Intel Mac OS X 10_9_4) AppleWebKit/537.36 (KHTML, like Gecko) Chrome/36.0.1985.125 Safari/537.36"
82.117.211.94 - - [25/Nov/2020:06:33:30 -0800] "GET /departments HTTP/1.1" 200 217 "-" "Mozilla/5.0 (Windows NT 6.1; WOW64) AppleWebKit/537.36 (KHTML, like Gecko) Chrome/35.0.1916.153 Safari/537.36"
50.140.53.123 - - [25/Nov/2020:06:33:31 -0800] "GET /departments HTTP/1.1" 200 769 "-" "Mozilla/5.0 (Windows NT 6.1; WOW64; rv:30.0) Gecko/20100101 Firefox/30.0"
65.223.110.64 - - [25/Nov/2020:06:33:32 -0800] "GET /department/fan%20shop/categories HTTP/1.1" 200 278 "-" "Mozilla/5.0 (Windows NT 6.3; WOW64; rv:30.0) Gecko/20100101 Firefox/30.0"
50.140.53.123 - - [25/Nov/2020:06:33:33 -0800] "GET /departments HTTP/1.1" 200 294 "-" "Mozilla/5.0 (Macintosh; Intel Mac OS X 10_9_3) AppleWebKit/537.36 (KHTML, like Gecko) Chrome/35.0.1916.153 Safari/537.36"
167.171.73.161 - - [25/Nov/2020:06:33:34 -0800] "GET /login HTTP/1.1" 200 1426 "-" "Mozilla/5.0 (Macintosh; Intel Mac OS X 10_9_4) AppleWebKit/537.36 (KHTML, like Gecko) Chrome/35.0.1916.153 Safari/537.36"
40.249.155.98 - - [25/Nov/2020:06:33:35 -0800] "GET /department/apparel/products HTTP/1.1" 200 719 "-" "Mozilla/5.0 (Windows NT 6.3; WOW64) AppleWebKit/537.36 (KHTML, like Gecko) Chrome/35.0.1916.153 Safari/537.36"
175.161.180.247 - - [25/Nov/2020:06:33:36 -0800] "GET /product/723 HTTP/1.1" 200 862 "-" "Mozilla/5.0 (Windows NT 6.1; WOW64) AppleWebKit/537.36 (KHTML, like Gecko) Chrome/35.0.1916.153 Safari/537.36"
61.118.87.240 - - [25/Nov/2020:06:33:37 -0800] "GET /categories/men%27s%20footwear/products HTTP/1.1" 200 2165 "-" "Mozilla/5.0 (Windows NT 6.1; WOW64; Trident/7.0; rv:11.0) like Gecko"
199.228.18.104 - - [25/Nov/2020:06:33:38 -0800] "GET /department/outdoors/products HTTP/1.1" 200 1236 "-" "Mozilla/5.0 (Macintosh; Intel Mac OS X 10_9_4) AppleWebKit/537.77.4 (KHTML, like Gecko) Version/7.0.5 Safari/537.77.4"
209.129.16.152 - - [25/Nov/2020:06:33:39 -0800] "GET /department/fitness/products HTTP/1.1" 200 1599 "-" "Mozilla/5.0 (Windows NT 6.1; WOW64) AppleWebKit/537.36 (KHTML, like Gecko) Chrome/35.0.1916.153 Safari/537.36"
78.110.228.130 - - [25/Nov/2020:06:33:40 -0800] "GET /product/802 HTTP/1.1" 200 397 "-" "Mozilla/5.0 (Windows NT 6.1; rv:30.0) Gecko/20100101 Firefox/30.0"
185.183.143.101 - - [25/Nov/2020:06:33:41 -0800] "GET /department/outdoors/products HTTP/1.1" 200 984 "-" "Mozilla/5.0 (Macintosh; Intel Mac OS X 10_9_4) AppleWebKit/537.77.4 (KHTML, like Gecko) Version/7.0.5 Safari/537.77.4"
161.6.171.30 - - [25/Nov/2020:06:33:42 -0800] "GET /departments HTTP/1.1" 404 1373 "-" "Mozilla/5.0 (Macintosh; Intel Mac OS X 10_9_3) AppleWebKit/537.76.4 (KHTML, like Gecko) Version/7.0.4 Safari/537.76.4"
32.102.248.187 - - [25/Nov/2020:06:33:43 -0800] "GET /departments HTTP/1.1" 200 399 "-" "Mozilla/5.0 (Windows NT 6.1; WOW64; Trident/7.0; rv:11.0) like Gecko"
11.63.135.92 - - [25/Nov/2020:06:33:44 -0800] "GET /department/outdoors/categories HTTP/1.1" 200 1206 "-" "Mozilla/5.0 (X11; Linux x86_64) AppleWebKit/537.36 (KHTML, like Gecko) Chrome/35.0.1916.153 Safari/537.36"
181.8.192.54 - - [25/Nov/2020:06:33:45 -0800] "GET /logout HTTP/1.1" 200 374 "-" "Mozilla/5.0 (Windows NT 6.3; WOW64) AppleWebKit/537.36 (KHTML, like Gecko) Chrome/35.0.1916.153 Safari/537.36"
65.223.110.64 - - [25/Nov/2020:06:33:46 -0800] "GET /departments HTTP/1.1" 200 560 "-" "Mozilla/5.0 (Windows NT 6.1; WOW64) AppleWebKit/537.36 (KHTML, like Gecko) Chrome/35.0.1916.153 Safari/537.36"
159.221.187.7 - - [25/Nov/2020:06:33:47 -0800] "GET /department/team%20sports/categories HTTP/1.1" 200 691 "-" "Mozilla/5.0 (Windows NT 6.3; WOW64; rv:30.0) Gecko/20100101 Firefox/30.0"
9.168.143.181 - - [25/Nov/2020:06:33:48 -0800] "GET /departments HTTP/1.1" 200 1261 "-" "Mozilla/5.0 (Macintosh; Intel Mac OS X 10_9_3) AppleWebKit/537.76.4 (KHTML, like Gecko) Version/7.0.4 Safari/537.76.4"
188.107.141.238 - - [25/Nov/2020:06:33:49 -0800] "GET /department/fan%20shop/products HTTP/1.1" 200 1358 "-" "Mozilla/5.0 (Macintosh; Intel Mac OS X 10.9; rv:30.0) Gecko/20100101 Firefox/30.0"
181.8.192.54 - - [25/Nov/2020:06:33:50 -0800] "GET /department/fan%20shop/products HTTP/1.1" 200 1056 "-" "Mozilla/5.0 (Windows NT 6.1; WOW64) AppleWebKit/537.36 (KHTML, like Gecko) Chrome/36.0.1985.125 Safari/537.36"
114.105.6.45 - - [25/Nov/2020:06:33:51 -0800] "GET /product/1189 HTTP/1.1" 200 876 "-" "Mozilla/5.0 (Macintosh; Intel Mac OS X 10_9_4) AppleWebKit/537.77.4 (KHTML, like Gecko) Version/7.0.5 Safari/537.77.4"
34.199.170.7 - - [25/Nov/2020:06:33:21 -0800] "GET /product/459 HTTP/1.1" 200 1506 "-" "Mozilla/5.0 (Windows NT 6.3; WOW64) AppleWebKit/537.36 (KHTML, like Gecko) Chrome/35.0.1916.153 Safari/537.36"
92.113.147.37 - - [25/Nov/2020:06:33:22 -0800] "GET /add_to_cart/1188 HTTP/1.1" 200 263 "-" "Mozilla/5.0 (X11; Linux x86_64) AppleWebKit/537.36 (KHTML, like Gecko) Chrome/35.0.1916.153 Safari/537.36"
217.178.37.10 - - [25/Nov/2020:06:33:23 -0800] "GET /departments HTTP/1.1" 200 1870 "-" "Mozilla/5.0 (Windows NT 6.3; WOW64) AppleWebKit/537.36 (KHTML, like Gecko) Chrome/35.0.1916.153 Safari/537.36"
185.159.192.112 - - [25/Nov/2020:06:33:24 -0800] "GET /product/857 HTTP/1.1" 200 2186 "-" "Mozilla/5.0 (Macintosh; Intel Mac OS X 10_9_3) AppleWebKit/537.36 (KHTML, like Gecko) Chrome/35.0.1916.153 Safari/537.36"
157.13.123.143 - - [25/Nov/2020:06:33:25 -0800] "GET /departments HTTP/1.1" 404 2110 "-" "Mozilla/5.0 (X11; Ubuntu; Linux x86_64; rv:30.0) Gecko/20100101 Firefox/30.0"
135.127.202.209 - - [25/Nov/2020:06:33:26 -0800] "GET /department/golf/categories HTTP/1.1" 200 1886 "-" "Mozilla/5.0 (Windows NT 6.1; WOW64; rv:30.0) Gecko/20100101 Firefox/30.0"
110.234.16.164 - - [25/Nov/2020:06:33:27 -0800] "GET /departments HTTP/1.1" 200 329 "-" "Mozilla/5.0 (Macintosh; Intel Mac OS X 10_9_3) AppleWebKit/537.36 (KHTML, like Gecko) Chrome/35.0.1916.153 Safari/537.36"
13.175.192.104 - - [25/Nov/2020:06:33:28 -0800] "GET /checkout HTTP/1.1" 200 1899 "-" "Mozilla/5.0 (Windows NT 6.1; WOW64; rv:30.0) Gecko/20100101 Firefox/30.0"
101.51.155.196 - - [25/Nov/2020:06:33:29 -0800] "GET /department/footwear/products HTTP/1.1" 200 470 "-" "Mozilla/5.0 (Macintosh; Intel Mac OS X 10_9_4) AppleWebKit/537.36 (KHTML, like Gecko) Chrome/36.0.1985.125 Safari/537.36"
82.117.211.94 - - [25/Nov/2020:06:33:30 -0800] "GET /departments HTTP/1.1" 200 217 "-" "Mozilla/5.0 (Windows NT 6.1; WOW64) AppleWebKit/537.36 (KHTML, like Gecko) Chrome/35.0.1916.153 Safari/537.36"
50.140.53.123 - - [25/Nov/2020:06:33:31 -0800] "GET /departments HTTP/1.1" 200 769 "-" "Mozilla/5.0 (Windows NT 6.1; WOW64; rv:30.0) Gecko/20100101 Firefox/30.0"
114.105.6.45 - - [25/Nov/2020:06:33:51 -0800] "GET /product/1189 HTTP/1.1" 200 876 "-" "Mozilla/5.0 (Macintosh; Intel Mac OS X 10_9_4) AppleWebKit/537.77.4 (KHTML, like Gecko) Version/7.0.5 Safari/537.77.4"
34.199.170.7 - - [25/Nov/2020:06:33:21 -0800] "GET /product/459 HTTP/1.1" 200 1506 "-" "Mozilla/5.0 (Windows NT 6.3; WOW64) AppleWebKit/537.36 (KHTML, like Gecko) Chrome/35.0.1916.153 Safari/537.36"
92.113.147.37 - - [25/Nov/2020:06:33:22 -0800] "GET /add_to_cart/1188 HTTP/1.1" 200 263 "-" "Mozilla/5.0 (X11; Linux x86_64) AppleWebKit/537.36 (KHTML, like Gecko) Chrome/35.0.1916.153 Safari/537.36"
217.178.37.10 - - [25/Nov/2020:06:33:23 -0800] "GET /departments HTTP/1.1" 200 1870 "-" "Mozilla/5.0 (Windows NT 6.3; WOW64) AppleWebKit/537.36 (KHTML, like Gecko) Chrome/35.0.1916.153 Safari/537.36"
185.159.192.112 - - [25/Nov/2020:06:33:24 -0800] "GET /product/857 HTTP/1.1" 200 2186 "-" "Mozilla/5.0 (Macintosh; Intel Mac OS X 10_9_3) AppleWebKit/537.36 (KHTML, like Gecko) Chrome/35.0.1916.153 Safari/537.36"
157.13.123.143 - - [25/Nov/2020:06:33:25 -0800] "GET /departments HTTP/1.1" 404 2110 "-" "Mozilla/5.0 (X11; Ubuntu; Linux x86_64; rv:30.0) Gecko/20100101 Firefox/30.0"
135.127.202.209 - - [25/Nov/2020:06:33:26 -0800] "GET /department/golf/categories HTTP/1.1" 200 1886 "-" "Mozilla/5.0 (Windows NT 6.1; WOW64; rv:30.0) Gecko/20100101 Firefox/30.0"
110.234.16.164 - - [25/Nov/2020:06:33:27 -0800] "GET /departments HTTP/1.1" 200 329 "-" "Mozilla/5.0 (Macintosh; Intel Mac OS X 10_9_3) AppleWebKit/537.36 (KHTML, like Gecko) Chrome/35.0.1916.153 Safari/537.36"
13.175.192.104 - - [25/Nov/2020:06:33:28 -0800] "GET /checkout HTTP/1.1" 200 1899 "-" "Mozilla/5.0 (Windows NT 6.1; WOW64; rv:30.0) Gecko/20100101 Firefox/30.0"
101.51.155.196 - - [25/Nov/2020:06:33:29 -0800] "GET /department/footwear/products HTTP/1.1" 200 470 "-" "Mozilla/5.0 (Macintosh; Intel Mac OS X 10_9_4) AppleWebKit/537.36 (KHTML, like Gecko) Chrome/36.0.1985.125 Safari/537.36"
82.117.211.94 - - [25/Nov/2020:06:33:30 -0800] "GET /departments HTTP/1.1" 200 217 "-" "Mozilla/5.0 (Windows NT 6.1; WOW64) AppleWebKit/537.36 (KHTML, like Gecko) Chrome/35.0.1916.153 Safari/537.36"
50.140.53.123 - - [25/Nov/2020:06:33:31 -0800] "GET /departments HTTP/1.1" 200 769 "-" "Mozilla/5.0 (Windows NT 6.1; WOW64; rv:30.0) Gecko/20100101 Firefox/30.0"
114.105.6.45 - - [25/Nov/2020:06:33:51 -0800] "GET /product/1189 HTTP/1.1" 200 876 "-" "Mozilla/5.0 (Macintosh; Intel Mac OS X 10_9_4) AppleWebKit/537.77.4 (KHTML, like Gecko) Version/7.0.5 Safari/537.77.4"
34.199.170.7 - - [25/Nov/2020:06:33:21 -0800] "GET /product/459 HTTP/1.1" 200 1506 "-" "Mozilla/5.0 (Windows NT 6.3; WOW64) AppleWebKit/537.36 (KHTML, like Gecko) Chrome/35.0.1916.153 Safari/537.36"
92.113.147.37 - - [25/Nov/2020:06:33:22 -0800] "GET /add_to_cart/1188 HTTP/1.1" 200 263 "-" "Mozilla/5.0 (X11; Linux x86_64) AppleWebKit/537.36 (KHTML, like Gecko) Chrome/35.0.1916.153 Safari/537.36"
217.178.37.10 - - [25/Nov/2020:06:33:23 -0800] "GET /departments HTTP/1.1" 200 1870 "-" "Mozilla/5.0 (Windows NT 6.3; WOW64) AppleWebKit/537.36 (KHTML, like Gecko) Chrome/35.0.1916.153 Safari/537.36"
185.159.192.112 - - [25/Nov/2020:06:33:24 -0800] "GET /product/857 HTTP/1.1" 200 2186 "-" "Mozilla/5.0 (Macintosh; Intel Mac OS X 10_9_3) AppleWebKit/537.36 (KHTML, like Gecko) Chrome/35.0.1916.153 Safari/537.36"
157.13.123.143 - - [25/Nov/2020:06:33:25 -0800] "GET /departments HTTP/1.1" 404 2110 "-" "Mozilla/5.0 (X11; Ubuntu; Linux x86_64; rv:30.0) Gecko/20100101 Firefox/30.0"
135.127.202.209 - - [25/Nov/2020:06:33:26 -0800] "GET /department/golf/categories HTTP/1.1" 200 1886 "-" "Mozilla/5.0 (Windows NT 6.1; WOW64; rv:30.0) Gecko/20100101 Firefox/30.0"
110.234.16.164 - - [25/Nov/2020:06:33:27 -0800] "GET /departments HTTP/1.1" 200 329 "-" "Mozilla/5.0 (Macintosh; Intel Mac OS X 10_9_3) AppleWebKit/537.36 (KHTML, like Gecko) Chrome/35.0.1916.153 Safari/537.36"
13.175.192.104 - - [25/Nov/2020:06:33:28 -0800] "GET /checkout HTTP/1.1" 200 1899 "-" "Mozilla/5.0 (Windows NT 6.1; WOW64; rv:30.0) Gecko/20100101 Firefox/30.0"
101.51.155.196 - - [25/Nov/2020:06:33:29 -0800] "GET /department/footwear/products HTTP/1.1" 200 470 "-" "Mozilla/5.0 (Macintosh; Intel Mac OS X 10_9_4) AppleWebKit/537.36 (KHTML, like Gecko) Chrome/36.0.1985.125 Safari/537.36"
82.117.211.94 - - [25/Nov/2020:06:33:30 -0800] "GET /departments HTTP/1.1" 200 217 "-" "Mozilla/5.0 (Windows NT 6.1; WOW64) AppleWebKit/537.36 (KHTML, like Gecko) Chrome/35.0.1916.153 Safari/537.36"
50.140.53.123 - - [25/Nov/2020:06:33:31 -0800] "GET /departments HTTP/1.1" 200 769 "-" "Mozilla/5.0 (Windows NT 6.1; WOW64; rv:30.0) Gecko/20100101 Firefox/30.0"
114.105.6.45 - - [25/Nov/2020:06:33:51 -0800] "GET /product/1189 HTTP/1.1" 200 876 "-" "Mozilla/5.0 (Macintosh; Intel Mac OS X 10_9_4) AppleWebKit/537.77.4 (KHTML, like Gecko) Version/7.0.5 Safari/537.77.4"
34.199.170.7 - - [25/Nov/2020:06:33:21 -0800] "GET /product/459 HTTP/1.1" 200 1506 "-" "Mozilla/5.0 (Windows NT 6.3; WOW64) AppleWebKit/537.36 (KHTML, like Gecko) Chrome/35.0.1916.153 Safari/537.36"
92.113.147.37 - - [25/Nov/2020:06:33:22 -0800] "GET /add_to_cart/1188 HTTP/1.1" 200 263 "-" "Mozilla/5.0 (X11; Linux x86_64) AppleWebKit/537.36 (KHTML, like Gecko) Chrome/35.0.1916.153 Safari/537.36"
217.178.37.10 - - [25/Nov/2020:06:33:23 -0800] "GET /departments HTTP/1.1" 200 1870 "-" "Mozilla/5.0 (Windows NT 6.3; WOW64) AppleWebKit/537.36 (KHTML, like Gecko) Chrome/35.0.1916.153 Safari/537.36"
185.159.192.112 - - [25/Nov/2020:06:33:24 -0800] "GET /product/857 HTTP/1.1" 200 2186 "-" "Mozilla/5.0 (Macintosh; Intel Mac OS X 10_9_3) AppleWebKit/537.36 (KHTML, like Gecko) Chrome/35.0.1916.153 Safari/537.36"
157.13.123.143 - - [25/Nov/2020:06:33:25 -0800] "GET /departments HTTP/1.1" 404 2110 "-" "Mozilla/5.0 (X11; Ubuntu; Linux x86_64; rv:30.0) Gecko/20100101 Firefox/30.0"
135.127.202.209 - - [25/Nov/2020:06:33:26 -0800] "GET /department/golf/categories HTTP/1.1" 200 1886 "-" "Mozilla/5.0 (Windows NT 6.1; WOW64; rv:30.0) Gecko/20100101 Firefox/30.0"
110.234.16.164 - - [25/Nov/2020:06:33:27 -0800] "GET /departments HTTP/1.1" 200 329 "-" "Mozilla/5.0 (Macintosh; Intel Mac OS X 10_9_3) AppleWebKit/537.36 (KHTML, like Gecko) Chrome/35.0.1916.153 Safari/537.36"
13.175.192.104 - - [25/Nov/2020:06:33:28 -0800] "GET /checkout HTTP/1.1" 200 1899 "-" "Mozilla/5.0 (Windows NT 6.1; WOW64; rv:30.0) Gecko/20100101 Firefox/30.0"
101.51.155.196 - - [25/Nov/2020:06:33:29 -0800] "GET /department/footwear/products HTTP/1.1" 200 470 "-" "Mozilla/5.0 (Macintosh; Intel Mac OS X 10_9_4) AppleWebKit/537.36 (KHTML, like Gecko) Chrome/36.0.1985.125 Safari/537.36"
82.117.211.94 - - [25/Nov/2020:06:33:30 -0800] "GET /departments HTTP/1.1" 200 217 "-" "Mozilla/5.0 (Windows NT 6.1; WOW64) AppleWebKit/537.36 (KHTML, like Gecko) Chrome/35.0.1916.153 Safari/537.36"
50.140.53.123 - - [25/Nov/2020:06:33:31 -0800] "GET /departments HTTP/1.1" 200 769 "-" "Mozilla/5.0 (Windows NT 6.1; WOW64; rv:30.0) Gecko/20100101 Firefox/30.0"
114.105.6.45 - - [25/Nov/2020:06:33:51 -0800] "GET /product/1189 HTTP/1.1" 200 876 "-" "Mozilla/5.0 (Macintosh; Intel Mac OS X 10_9_4) AppleWebKit/537.77.4 (KHTML, like Gecko) Version/7.0.5 Safari/537.77.4"
34.199.170.7 - - [25/Nov/2020:06:33:21 -0800] "GET /product/459 HTTP/1.1" 200 1506 "-" "Mozilla/5.0 (Windows NT 6.3; WOW64) AppleWebKit/537.36 (KHTML, like Gecko) Chrome/35.0.1916.153 Safari/537.36"
92.113.147.37 - - [25/Nov/2020:06:33:22 -0800] "GET /add_to_cart/1188 HTTP/1.1" 200 263 "-" "Mozilla/5.0 (X11; Linux x86_64) AppleWebKit/537.36 (KHTML, like Gecko) Chrome/35.0.1916.153 Safari/537.36"
217.178.37.10 - - [25/Nov/2020:06:33:23 -0800] "GET /departments HTTP/1.1" 200 1870 "-" "Mozilla/5.0 (Windows NT 6.3; WOW64) AppleWebKit/537.36 (KHTML, like Gecko) Chrome/35.0.1916.153 Safari/537.36"
185.159.192.112 - - [25/Nov/2020:06:33:24 -0800] "GET /product/857 HTTP/1.1" 200 2186 "-" "Mozilla/5.0 (Macintosh; Intel Mac OS X 10_9_3) AppleWebKit/537.36 (KHTML, like Gecko) Chrome/35.0.1916.153 Safari/537.36"
157.13.123.143 - - [25/Nov/2020:06:33:25 -0800] "GET /departments HTTP/1.1" 404 2110 "-" "Mozilla/5.0 (X11; Ubuntu; Linux x86_64; rv:30.0) Gecko/20100101 Firefox/30.0"
135.127.202.209 - - [25/Nov/2020:06:33:26 -0800] "GET /department/golf/categories HTTP/1.1" 200 1886 "-" "Mozilla/5.0 (Windows NT 6.1; WOW64; rv:30.0) Gecko/20100101 Firefox/30.0"
110.234.16.164 - - [25/Nov/2020:06:33:27 -0800] "GET /departments HTTP/1.1" 200 329 "-" "Mozilla/5.0 (Macintosh; Intel Mac OS X 10_9_3) AppleWebKit/537.36 (KHTML, like Gecko) Chrome/35.0.1916.153 Safari/537.36"
13.175.192.104 - - [25/Nov/2020:06:33:28 -0800] "GET /checkout HTTP/1.1" 200 1899 "-" "Mozilla/5.0 (Windows NT 6.1; WOW64; rv:30.0) Gecko/20100101 Firefox/30.0"
101.51.155.196 - - [25/Nov/2020:06:33:29 -0800] "GET /department/footwear/products HTTP/1.1" 200 470 "-" "Mozilla/5.0 (Macintosh; Intel Mac OS X 10_9_4) AppleWebKit/537.36 (KHTML, like Gecko) Chrome/36.0.1985.125 Safari/537.36"
82.117.211.94 - - [25/Nov/2020:06:33:30 -0800] "GET /departments HTTP/1.1" 200 217 "-" "Mozilla/5.0 (Windows NT 6.1; WOW64) AppleWebKit/537.36 (KHTML, like Gecko) Chrome/35.0.1916.153 Safari/537.36"
50.140.53.123 - - [25/Nov/2020:06:33:31 -0800] "GET /departments HTTP/1.1" 200 769 "-" "Mozilla/5.0 (Windows NT 6.1; WOW64; rv:30.0) Gecko/20100101 Firefox/30.0"
114.105.6.45 - - [25/Nov/2020:06:33:51 -0800] "GET /product/1189 HTTP/1.1" 200 876 "-" "Mozilla/5.0 (Macintosh; Intel Mac OS X 10_9_4) AppleWebKit/537.77.4 (KHTML, like Gecko) Version/7.0.5 Safari/537.77.4"
34.199.170.7 - - [25/Nov/2020:06:33:21 -0800] "GET /product/459 HTTP/1.1" 200 1506 "-" "Mozilla/5.0 (Windows NT 6.3; WOW64) AppleWebKit/537.36 (KHTML, like Gecko) Chrome/35.0.1916.153 Safari/537.36"
92.113.147.37 - - [25/Nov/2020:06:33:22 -0800] "GET /add_to_cart/1188 HTTP/1.1" 200 263 "-" "Mozilla/5.0 (X11; Linux x86_64) AppleWebKit/537.36 (KHTML, like Gecko) Chrome/35.0.1916.153 Safari/537.36"
217.178.37.10 - - [25/Nov/2020:06:33:23 -0800] "GET /departments HTTP/1.1" 200 1870 "-" "Mozilla/5.0 (Windows NT 6.3; WOW64) AppleWebKit/537.36 (KHTML, like Gecko) Chrome/35.0.1916.153 Safari/537.36"
185.159.192.112 - - [25/Nov/2020:06:33:24 -0800] "GET /product/857 HTTP/1.1" 200 2186 "-" "Mozilla/5.0 (Macintosh; Intel Mac OS X 10_9_3) AppleWebKit/537.36 (KHTML, like Gecko) Chrome/35.0.1916.153 Safari/537.36"
157.13.123.143 - - [25/Nov/2020:06:33:25 -0800] "GET /departments HTTP/1.1" 404 2110 "-" "Mozilla/5.0 (X11; Ubuntu; Linux x86_64; rv:30.0) Gecko/20100101 Firefox/30.0"
135.127.202.209 - - [25/Nov/2020:06:33:26 -0800] "GET /department/golf/categories HTTP/1.1" 200 1886 "-" "Mozilla/5.0 (Windows NT 6.1; WOW64; rv:30.0) Gecko/20100101 Firefox/30.0"
110.234.16.164 - - [25/Nov/2020:06:33:27 -0800] "GET /departments HTTP/1.1" 200 329 "-" "Mozilla/5.0 (Macintosh; Intel Mac OS X 10_9_3) AppleWebKit/537.36 (KHTML, like Gecko) Chrome/35.0.1916.153 Safari/537.36"
13.175.192.104 - - [25/Nov/2020:06:33:28 -0800] "GET /checkout HTTP/1.1" 200 1899 "-" "Mozilla/5.0 (Windows NT 6.1; WOW64; rv:30.0) Gecko/20100101 Firefox/30.0"
101.51.155.196 - - [25/Nov/2020:06:33:29 -0800] "GET /department/footwear/products HTTP/1.1" 200 470 "-" "Mozilla/5.0 (Macintosh; Intel Mac OS X 10_9_4) AppleWebKit/537.36 (KHTML, like Gecko) Chrome/36.0.1985.125 Safari/537.36"
82.117.211.94 - - [25/Nov/2020:06:33:30 -0800] "GET /departments HTTP/1.1" 200 217 "-" "Mozilla/5.0 (Windows NT 6.1; WOW64) AppleWebKit/537.36 (KHTML, like Gecko) Chrome/35.0.1916.153 Safari/537.36"
50.140.53.123 - - [25/Nov/2020:06:33:31 -0800] "GET /departments HTTP/1.1" 200 769 "-" "Mozilla/5.0 (Windows NT 6.1; WOW64; rv:30.0) Gecko/20100101 Firefox/30.0"
114.105.6.45 - - [25/Nov/2020:06:33:51 -0800] "GET /product/1189 HTTP/1.1" 200 876 "-" "Mozilla/5.0 (Macintosh; Intel Mac OS X 10_9_4) AppleWebKit/537.77.4 (KHTML, like Gecko) Version/7.0.5 Safari/537.77.4"
34.199.170.7 - - [25/Nov/2020:06:33:21 -0800] "GET /product/459 HTTP/1.1" 200 1506 "-" "Mozilla/5.0 (Windows NT 6.3; WOW64) AppleWebKit/537.36 (KHTML, like Gecko) Chrome/35.0.1916.153 Safari/537.36"
92.113.147.37 - - [25/Nov/2020:06:33:22 -0800] "GET /add_to_cart/1188 HTTP/1.1" 200 263 "-" "Mozilla/5.0 (X11; Linux x86_64) AppleWebKit/537.36 (KHTML, like Gecko) Chrome/35.0.1916.153 Safari/537.36"
217.178.37.10 - - [25/Nov/2020:06:33:23 -0800] "GET /departments HTTP/1.1" 200 1870 "-" "Mozilla/5.0 (Windows NT 6.3; WOW64) AppleWebKit/537.36 (KHTML, like Gecko) Chrome/35.0.1916.153 Safari/537.36"
185.159.192.112 - - [25/Nov/2020:06:33:24 -0800] "GET /product/857 HTTP/1.1" 200 2186 "-" "Mozilla/5.0 (Macintosh; Intel Mac OS X 10_9_3) AppleWebKit/537.36 (KHTML, like Gecko) Chrome/35.0.1916.153 Safari/537.36"
157.13.123.143 - - [25/Nov/2020:06:33:25 -0800] "GET /departments HTTP/1.1" 404 2110 "-" "Mozilla/5.0 (X11; Ubuntu; Linux x86_64; rv:30.0) Gecko/20100101 Firefox/30.0"
135.127.202.209 - - [25/Nov/2020:06:33:26 -0800] "GET /department/golf/categories HTTP/1.1" 200 1886 "-" "Mozilla/5.0 (Windows NT 6.1; WOW64; rv:30.0) Gecko/20100101 Firefox/30.0"
110.234.16.164 - - [25/Nov/2020:06:33:27 -0800] "GET /departments HTTP/1.1" 200 329 "-" "Mozilla/5.0 (Macintosh; Intel Mac OS X 10_9_3) AppleWebKit/537.36 (KHTML, like Gecko) Chrome/35.0.1916.153 Safari/537.36"
13.175.192.104 - - [25/Nov/2020:06:33:28 -0800] "GET /checkout HTTP/1.1" 200 1899 "-" "Mozilla/5.0 (Windows NT 6.1; WOW64; rv:30.0) Gecko/20100101 Firefox/30.0"
101.51.155.196 - - [25/Nov/2020:06:33:29 -0800] "GET /department/footwear/products HTTP/1.1" 200 470 "-" "Mozilla/5.0 (Macintosh; Intel Mac OS X 10_9_4) AppleWebKit/537.36 (KHTML, like Gecko) Chrome/36.0.1985.125 Safari/537.36"
82.117.211.94 - - [25/Nov/2020:06:33:30 -0800] "GET /departments HTTP/1.1" 200 217 "-" "Mozilla/5.0 (Windows NT 6.1; WOW64) AppleWebKit/537.36 (KHTML, like Gecko) Chrome/35.0.1916.153 Safari/537.36"
50.140.53.123 - - [25/Nov/2020:06:33:31 -0800] "GET /departments HTTP/1.1" 200 769 "-" "Mozilla/5.0 (Windows NT 6.1; WOW64; rv:30.0) Gecko/20100101 Firefox/30.0"
114.105.6.45 - - [25/Nov/2020:06:33:51 -0800] "GET /product/1189 HTTP/1.1" 200 876 "-" "Mozilla/5.0 (Macintosh; Intel Mac OS X 10_9_4) AppleWebKit/537.77.4 (KHTML, like Gecko) Version/7.0.5 Safari/537.77.4"
34.199.170.7 - - [25/Nov/2020:06:33:21 -0800] "GET /product/459 HTTP/1.1" 200 1506 "-" "Mozilla/5.0 (Windows NT 6.3; WOW64) AppleWebKit/537.36 (KHTML, like Gecko) Chrome/35.0.1916.153 Safari/537.36"
92.113.147.37 - - [25/Nov/2020:06:33:22 -0800] "GET /add_to_cart/1188 HTTP/1.1" 200 263 "-" "Mozilla/5.0 (X11; Linux x86_64) AppleWebKit/537.36 (KHTML, like Gecko) Chrome/35.0.1916.153 Safari/537.36"
217.178.37.10 - - [25/Nov/2020:06:33:23 -0800] "GET /departments HTTP/1.1" 200 1870 "-" "Mozilla/5.0 (Windows NT 6.3; WOW64) AppleWebKit/537.36 (KHTML, like Gecko) Chrome/35.0.1916.153 Safari/537.36"
185.159.192.112 - - [25/Nov/2020:06:33:24 -0800] "GET /product/857 HTTP/1.1" 200 2186 "-" "Mozilla/5.0 (Macintosh; Intel Mac OS X 10_9_3) AppleWebKit/537.36 (KHTML, like Gecko) Chrome/35.0.1916.153 Safari/537.36"
157.13.123.143 - - [25/Nov/2020:06:33:25 -0800] "GET /departments HTTP/1.1" 404 2110 "-" "Mozilla/5.0 (X11; Ubuntu; Linux x86_64; rv:30.0) Gecko/20100101 Firefox/30.0"
135.127.202.209 - - [25/Nov/2020:06:33:26 -0800] "GET /department/golf/categories HTTP/1.1" 200 1886 "-" "Mozilla/5.0 (Windows NT 6.1; WOW64; rv:30.0) Gecko/20100101 Firefox/30.0"
110.234.16.164 - - [25/Nov/2020:06:33:27 -0800] "GET /departments HTTP/1.1" 200 329 "-" "Mozilla/5.0 (Macintosh; Intel Mac OS X 10_9_3) AppleWebKit/537.36 (KHTML, like Gecko) Chrome/35.0.1916.153 Safari/537.36"
13.175.192.104 - - [25/Nov/2020:06:33:28 -0800] "GET /checkout HTTP/1.1" 200 1899 "-" "Mozilla/5.0 (Windows NT 6.1; WOW64; rv:30.0) Gecko/20100101 Firefox/30.0"
101.51.155.196 - - [25/Nov/2020:06:33:29 -0800] "GET /department/footwear/products HTTP/1.1" 200 470 "-" "Mozilla/5.0 (Macintosh; Intel Mac OS X 10_9_4) AppleWebKit/537.36 (KHTML, like Gecko) Chrome/36.0.1985.125 Safari/537.36"
82.117.211.94 - - [25/Nov/2020:06:33:30 -0800] "GET /departments HTTP/1.1" 200 217 "-" "Mozilla/5.0 (Windows NT 6.1; WOW64) AppleWebKit/537.36 (KHTML, like Gecko) Chrome/35.0.1916.153 Safari/537.36"
50.140.53.123 - - [25/Nov/2020:06:33:31 -0800] "GET /departments HTTP/1.1" 200 769 "-" "Mozilla/5.0 (Windows NT 6.1; WOW64; rv:30.0) Gecko/20100101 Firefox/30.0"
114.105.6.45 - - [25/Nov/2020:06:33:51 -0800] "GET /product/1189 HTTP/1.1" 200 876 "-" "Mozilla/5.0 (Macintosh; Intel Mac OS X 10_9_4) AppleWebKit/537.77.4 (KHTML, like Gecko) Version/7.0.5 Safari/537.77.4"
34.199.170.7 - - [25/Nov/2020:06:33:21 -0800] "GET /product/459 HTTP/1.1" 200 1506 "-" "Mozilla/5.0 (Windows NT 6.3; WOW64) AppleWebKit/537.36 (KHTML, like Gecko) Chrome/35.0.1916.153 Safari/537.36"
92.113.147.37 - - [25/Nov/2020:06:33:22 -0800] "GET /add_to_cart/1188 HTTP/1.1" 200 263 "-" "Mozilla/5.0 (X11; Linux x86_64) AppleWebKit/537.36 (KHTML, like Gecko) Chrome/35.0.1916.153 Safari/537.36"
217.178.37.10 - - [25/Nov/2020:06:33:23 -0800] "GET /departments HTTP/1.1" 200 1870 "-" "Mozilla/5.0 (Windows NT 6.3; WOW64) AppleWebKit/537.36 (KHTML, like Gecko) Chrome/35.0.1916.153 Safari/537.36"
185.159.192.112 - - [25/Nov/2020:06:33:24 -0800] "GET /product/857 HTTP/1.1" 200 2186 "-" "Mozilla/5.0 (Macintosh; Intel Mac OS X 10_9_3) AppleWebKit/537.36 (KHTML, like Gecko) Chrome/35.0.1916.153 Safari/537.36"
157.13.123.143 - - [25/Nov/2020:06:33:25 -0800] "GET /departments HTTP/1.1" 404 2110 "-" "Mozilla/5.0 (X11; Ubuntu; Linux x86_64; rv:30.0) Gecko/20100101 Firefox/30.0"
135.127.202.209 - - [25/Nov/2020:06:33:26 -0800] "GET /department/golf/categories HTTP/1.1" 200 1886 "-" "Mozilla/5.0 (Windows NT 6.1; WOW64; rv:30.0) Gecko/20100101 Firefox/30.0"
110.234.16.164 - - [25/Nov/2020:06:33:27 -0800] "GET /departments HTTP/1.1" 200 329 "-" "Mozilla/5.0 (Macintosh; Intel Mac OS X 10_9_3) AppleWebKit/537.36 (KHTML, like Gecko) Chrome/35.0.1916.153 Safari/537.36"
13.175.192.104 - - [25/Nov/2020:06:33:28 -0800] "GET /checkout HTTP/1.1" 200 1899 "-" "Mozilla/5.0 (Windows NT 6.1; WOW64; rv:30.0) Gecko/20100101 Firefox/30.0"
101.51.155.196 - - [25/Nov/2020:06:33:29 -0800] "GET /department/footwear/products HTTP/1.1" 200 470 "-" "Mozilla/5.0 (Macintosh; Intel Mac OS X 10_9_4) AppleWebKit/537.36 (KHTML, like Gecko) Chrome/36.0.1985.125 Safari/537.36"
82.117.211.94 - - [25/Nov/2020:06:33:30 -0800] "GET /departments HTTP/1.1" 200 217 "-" "Mozilla/5.0 (Windows NT 6.1; WOW64) AppleWebKit/537.36 (KHTML, like Gecko) Chrome/35.0.1916.153 Safari/537.36"
50.140.53.123 - - [25/Nov/2020:06:33:31 -0800] "GET /departments HTTP/1.1" 200 769 "-" "Mozilla/5.0 (Windows NT 6.1; WOW64; rv:30.0) Gecko/20100101 Firefox/30.0"
114.105.6.45 - - [25/Nov/2020:06:33:51 -0800] "GET /product/1189 HTTP/1.1" 200 876 "-" "Mozilla/5.0 (Macintosh; Intel Mac OS X 10_9_4) AppleWebKit/537.77.4 (KHTML, like Gecko) Version/7.0.5 Safari/537.77.4"
34.199.170.7 - - [25/Nov/2020:06:33:21 -0800] "GET /product/459 HTTP/1.1" 200 1506 "-" "Mozilla/5.0 (Windows NT 6.3; WOW64) AppleWebKit/537.36 (KHTML, like Gecko) Chrome/35.0.1916.153 Safari/537.36"
92.113.147.37 - - [25/Nov/2020:06:33:22 -0800] "GET /add_to_cart/1188 HTTP/1.1" 200 263 "-" "Mozilla/5.0 (X11; Linux x86_64) AppleWebKit/537.36 (KHTML, like Gecko) Chrome/35.0.1916.153 Safari/537.36"
217.178.37.10 - - [25/Nov/2020:06:33:23 -0800] "GET /departments HTTP/1.1" 200 1870 "-" "Mozilla/5.0 (Windows NT 6.3; WOW64) AppleWebKit/537.36 (KHTML, like Gecko) Chrome/35.0.1916.153 Safari/537.36"
185.159.192.112 - - [25/Nov/2020:06:33:24 -0800] "GET /product/857 HTTP/1.1" 200 2186 "-" "Mozilla/5.0 (Macintosh; Intel Mac OS X 10_9_3) AppleWebKit/537.36 (KHTML, like Gecko) Chrome/35.0.1916.153 Safari/537.36"
157.13.123.143 - - [25/Nov/2020:06:33:25 -0800] "GET /departments HTTP/1.1" 404 2110 "-" "Mozilla/5.0 (X11; Ubuntu; Linux x86_64; rv:30.0) Gecko/20100101 Firefox/30.0"
135.127.202.209 - - [25/Nov/2020:06:33:26 -0800] "GET /department/golf/categories HTTP/1.1" 200 1886 "-" "Mozilla/5.0 (Windows NT 6.1; WOW64; rv:30.0) Gecko/20100101 Firefox/30.0"
110.234.16.164 - - [25/Nov/2020:06:33:27 -0800] "GET /departments HTTP/1.1" 200 329 "-" "Mozilla/5.0 (Macintosh; Intel Mac OS X 10_9_3) AppleWebKit/537.36 (KHTML, like Gecko) Chrome/35.0.1916.153 Safari/537.36"
13.175.192.104 - - [25/Nov/2020:06:33:28 -0800] "GET /checkout HTTP/1.1" 200 1899 "-" "Mozilla/5.0 (Windows NT 6.1; WOW64; rv:30.0) Gecko/20100101 Firefox/30.0"
101.51.155.196 - - [25/Nov/2020:06:33:29 -0800] "GET /department/footwear/products HTTP/1.1" 200 470 "-" "Mozilla/5.0 (Macintosh; Intel Mac OS X 10_9_4) AppleWebKit/537.36 (KHTML, like Gecko) Chrome/36.0.1985.125 Safari/537.36"
82.117.211.94 - - [25/Nov/2020:06:33:30 -0800] "GET /departments HTTP/1.1" 200 217 "-" "Mozilla/5.0 (Windows NT 6.1; WOW64) AppleWebKit/537.36 (KHTML, like Gecko) Chrome/35.0.1916.153 Safari/537.36"
50.140.53.123 - - [25/Nov/2020:06:33:31 -0800] "GET /departments HTTP/1.1" 200 769 "-" "Mozilla/5.0 (Windows NT 6.1; WOW64; rv:30.0) Gecko/20100101 Firefox/30.0"
114.105.6.45 - - [25/Nov/2020:06:33:51 -0800] "GET /product/1189 HTTP/1.1" 200 876 "-" "Mozilla/5.0 (Macintosh; Intel Mac OS X 10_9_4) AppleWebKit/537.77.4 (KHTML, like Gecko) Version/7.0.5 Safari/537.77.4"
34.199.170.7 - - [25/Nov/2020:06:33:21 -0800] "GET /product/459 HTTP/1.1" 200 1506 "-" "Mozilla/5.0 (Windows NT 6.3; WOW64) AppleWebKit/537.36 (KHTML, like Gecko) Chrome/35.0.1916.153 Safari/537.36"
92.113.147.37 - - [25/Nov/2020:06:33:22 -0800] "GET /add_to_cart/1188 HTTP/1.1" 200 263 "-" "Mozilla/5.0 (X11; Linux x86_64) AppleWebKit/537.36 (KHTML, like Gecko) Chrome/35.0.1916.153 Safari/537.36"
217.178.37.10 - - [25/Nov/2020:06:33:23 -0800] "GET /departments HTTP/1.1" 200 1870 "-" "Mozilla/5.0 (Windows NT 6.3; WOW64) AppleWebKit/537.36 (KHTML, like Gecko) Chrome/35.0.1916.153 Safari/537.36"
